L506.c:33:6:Sim_PWON	8	static
L506.c:37:6:Sim_PWOFF	8	static
L506.c:41:6:Pow_ON_OFF	8	static
L506.c:48:6:GSM_Init	8	static
L506.c:57:9:fnParseOKPacket	16	static
L506.c:64:9:fnParseCPINPacket	16	static
L506.c:71:9:fnParseCSQPacket	16	static
L506.c:78:9:fnParseCGREGPacket	16	static
L506.c:85:9:fnParseCREGPacket	16	static
L506.c:92:9:fnParseCGATTPacket	16	static
L506.c:99:9:fnParseIPADDRPacket	16	static
L506.c:106:9:fnParseCIPOPQUERYPacket	16	static
L506.c:113:9:fnParseSendSVPacket	16	static
L506.c:120:9:fnCheckSendSVPacket	24	static
L506.c:130:9:fnParseReceiveSVPacket	24	static
L506.c:139:9:fnCheckPacket	24	static
L506.c:152:6:GPRS_Ask	16	static
L506.c:161:6:fncSend_CommandAT	16	static
L506.c:173:9:fncSend_DataServer	24	static
L506.c:192:7:fncReceive_DataServer	272	static
