L506.c:18:6:Sim_PWON	8	static
L506.c:22:6:Sim_PWOFF	8	static
L506.c:26:6:Pow_ON_OFF	8	static
L506.c:33:6:GSM_Init	8	static
L506.c:42:9:fnParseOKPacket	16	static
L506.c:49:9:fnParseCPINPacket	16	static
L506.c:56:9:fnParseCSQPacket	16	static
L506.c:63:9:fnParseCGREGPacket	16	static
L506.c:70:9:fnParseCREGPacket	16	static
L506.c:77:9:fnParseCGATTPacket	16	static
L506.c:84:9:fnParseIPADDRPacket	16	static
L506.c:91:9:fnParseCIPOPQUERYPacket	16	static
L506.c:98:9:fnParseSendSVPacket	16	static
L506.c:105:9:fnParseReceiveSVPacket	16	static
L506.c:112:9:fnCheckPacket	24	static
L506.c:125:6:GPRS_Ask	16	static
