11:00:06 **** Build of configuration Debug for project CodeProject ****
make -j8 all 
arm-none-eabi-gcc "../Drivers/STM32L4xx_HAL_Driver/Src/stm32l4xx_hal.c" -mcpu=cortex-m4 -std=gnu11 -g3 -DUSE_HAL_DRIVER -DSTM32L452xx -DDEBUG -c -I../Core/Inc -I../Drivers/STM32L4xx_HAL_Driver/Inc -I../Drivers/STM32L4xx_HAL_Driver/Inc/Legacy -I../Drivers/CMSIS/Device/ST/STM32L4xx/Include -I../Drivers/CMSIS/Include -O0 -ffunction-sections -fdata-sections -Wall -fstack-usage -MMD -MP -MF"Drivers/STM32L4xx_HAL_Driver/Src/stm32l4xx_hal.d" -MT"Drivers/STM32L4xx_HAL_Driver/Src/stm32l4xx_hal.o" --specs=nano.specs -mfpu=fpv4-sp-d16 -mfloat-abi=hard -mthumb -o "Drivers/STM32L4xx_HAL_Driver/Src/stm32l4xx_hal.o"
arm-none-eabi-gcc "../Drivers/STM32L4xx_HAL_Driver/Src/stm32l4xx_hal_cortex.c" -mcpu=cortex-m4 -std=gnu11 -g3 -DUSE_HAL_DRIVER -DSTM32L452xx -DDEBUG -c -I../Core/Inc -I../Drivers/STM32L4xx_HAL_Driver/Inc -I../Drivers/STM32L4xx_HAL_Driver/Inc/Legacy -I../Drivers/CMSIS/Device/ST/STM32L4xx/Include -I../Drivers/CMSIS/Include -O0 -ffunction-sections -fdata-sections -Wall -fstack-usage -MMD -MP -MF"Drivers/STM32L4xx_HAL_Driver/Src/stm32l4xx_hal_cortex.d" -MT"Drivers/STM32L4xx_HAL_Driver/Src/stm32l4xx_hal_cortex.o" --specs=nano.specs -mfpu=fpv4-sp-d16 -mfloat-abi=hard -mthumb -o "Drivers/STM32L4xx_HAL_Driver/Src/stm32l4xx_hal_cortex.o"
arm-none-eabi-gcc "../Drivers/STM32L4xx_HAL_Driver/Src/stm32l4xx_hal_dma.c" -mcpu=cortex-m4 -std=gnu11 -g3 -DUSE_HAL_DRIVER -DSTM32L452xx -DDEBUG -c -I../Core/Inc -I../Drivers/STM32L4xx_HAL_Driver/Inc -I../Drivers/STM32L4xx_HAL_Driver/Inc/Legacy -I../Drivers/CMSIS/Device/ST/STM32L4xx/Include -I../Drivers/CMSIS/Include -O0 -ffunction-sections -fdata-sections -Wall -fstack-usage -MMD -MP -MF"Drivers/STM32L4xx_HAL_Driver/Src/stm32l4xx_hal_dma.d" -MT"Drivers/STM32L4xx_HAL_Driver/Src/stm32l4xx_hal_dma.o" --specs=nano.specs -mfpu=fpv4-sp-d16 -mfloat-abi=hard -mthumb -o "Drivers/STM32L4xx_HAL_Driver/Src/stm32l4xx_hal_dma.o"
arm-none-eabi-gcc "../Drivers/STM32L4xx_HAL_Driver/Src/stm32l4xx_hal_dma_ex.c" -mcpu=cortex-m4 -std=gnu11 -g3 -DUSE_HAL_DRIVER -DSTM32L452xx -DDEBUG -c -I../Core/Inc -I../Drivers/STM32L4xx_HAL_Driver/Inc -I../Drivers/STM32L4xx_HAL_Driver/Inc/Legacy -I../Drivers/CMSIS/Device/ST/STM32L4xx/Include -I../Drivers/CMSIS/Include -O0 -ffunction-sections -fdata-sections -Wall -fstack-usage -MMD -MP -MF"Drivers/STM32L4xx_HAL_Driver/Src/stm32l4xx_hal_dma_ex.d" -MT"Drivers/STM32L4xx_HAL_Driver/Src/stm32l4xx_hal_dma_ex.o" --specs=nano.specs -mfpu=fpv4-sp-d16 -mfloat-abi=hard -mthumb -o "Drivers/STM32L4xx_HAL_Driver/Src/stm32l4xx_hal_dma_ex.o"
arm-none-eabi-gcc "../Drivers/STM32L4xx_HAL_Driver/Src/stm32l4xx_hal_exti.c" -mcpu=cortex-m4 -std=gnu11 -g3 -DUSE_HAL_DRIVER -DSTM32L452xx -DDEBUG -c -I../Core/Inc -I../Drivers/STM32L4xx_HAL_Driver/Inc -I../Drivers/STM32L4xx_HAL_Driver/Inc/Legacy -I../Drivers/CMSIS/Device/ST/STM32L4xx/Include -I../Drivers/CMSIS/Include -O0 -ffunction-sections -fdata-sections -Wall -fstack-usage -MMD -MP -MF"Drivers/STM32L4xx_HAL_Driver/Src/stm32l4xx_hal_exti.d" -MT"Drivers/STM32L4xx_HAL_Driver/Src/stm32l4xx_hal_exti.o" --specs=nano.specs -mfpu=fpv4-sp-d16 -mfloat-abi=hard -mthumb -o "Drivers/STM32L4xx_HAL_Driver/Src/stm32l4xx_hal_exti.o"
arm-none-eabi-gcc "../Drivers/STM32L4xx_HAL_Driver/Src/stm32l4xx_hal_flash.c" -mcpu=cortex-m4 -std=gnu11 -g3 -DUSE_HAL_DRIVER -DSTM32L452xx -DDEBUG -c -I../Core/Inc -I../Drivers/STM32L4xx_HAL_Driver/Inc -I../Drivers/STM32L4xx_HAL_Driver/Inc/Legacy -I../Drivers/CMSIS/Device/ST/STM32L4xx/Include -I../Drivers/CMSIS/Include -O0 -ffunction-sections -fdata-sections -Wall -fstack-usage -MMD -MP -MF"Drivers/STM32L4xx_HAL_Driver/Src/stm32l4xx_hal_flash.d" -MT"Drivers/STM32L4xx_HAL_Driver/Src/stm32l4xx_hal_flash.o" --specs=nano.specs -mfpu=fpv4-sp-d16 -mfloat-abi=hard -mthumb -o "Drivers/STM32L4xx_HAL_Driver/Src/stm32l4xx_hal_flash.o"
arm-none-eabi-gcc "../Drivers/STM32L4xx_HAL_Driver/Src/stm32l4xx_hal_flash_ex.c" -mcpu=cortex-m4 -std=gnu11 -g3 -DUSE_HAL_DRIVER -DSTM32L452xx -DDEBUG -c -I../Core/Inc -I../Drivers/STM32L4xx_HAL_Driver/Inc -I../Drivers/STM32L4xx_HAL_Driver/Inc/Legacy -I../Drivers/CMSIS/Device/ST/STM32L4xx/Include -I../Drivers/CMSIS/Include -O0 -ffunction-sections -fdata-sections -Wall -fstack-usage -MMD -MP -MF"Drivers/STM32L4xx_HAL_Driver/Src/stm32l4xx_hal_flash_ex.d" -MT"Drivers/STM32L4xx_HAL_Driver/Src/stm32l4xx_hal_flash_ex.o" --specs=nano.specs -mfpu=fpv4-sp-d16 -mfloat-abi=hard -mthumb -o "Drivers/STM32L4xx_HAL_Driver/Src/stm32l4xx_hal_flash_ex.o"
arm-none-eabi-gcc "../Drivers/STM32L4xx_HAL_Driver/Src/stm32l4xx_hal_flash_ramfunc.c" -mcpu=cortex-m4 -std=gnu11 -g3 -DUSE_HAL_DRIVER -DSTM32L452xx -DDEBUG -c -I../Core/Inc -I../Drivers/STM32L4xx_HAL_Driver/Inc -I../Drivers/STM32L4xx_HAL_Driver/Inc/Legacy -I../Drivers/CMSIS/Device/ST/STM32L4xx/Include -I../Drivers/CMSIS/Include -O0 -ffunction-sections -fdata-sections -Wall -fstack-usage -MMD -MP -MF"Drivers/STM32L4xx_HAL_Driver/Src/stm32l4xx_hal_flash_ramfunc.d" -MT"Drivers/STM32L4xx_HAL_Driver/Src/stm32l4xx_hal_flash_ramfunc.o" --specs=nano.specs -mfpu=fpv4-sp-d16 -mfloat-abi=hard -mthumb -o "Drivers/STM32L4xx_HAL_Driver/Src/stm32l4xx_hal_flash_ramfunc.o"
arm-none-eabi-gcc "../Drivers/STM32L4xx_HAL_Driver/Src/stm32l4xx_hal_gpio.c" -mcpu=cortex-m4 -std=gnu11 -g3 -DUSE_HAL_DRIVER -DSTM32L452xx -DDEBUG -c -I../Core/Inc -I../Drivers/STM32L4xx_HAL_Driver/Inc -I../Drivers/STM32L4xx_HAL_Driver/Inc/Legacy -I../Drivers/CMSIS/Device/ST/STM32L4xx/Include -I../Drivers/CMSIS/Include -O0 -ffunction-sections -fdata-sections -Wall -fstack-usage -MMD -MP -MF"Drivers/STM32L4xx_HAL_Driver/Src/stm32l4xx_hal_gpio.d" -MT"Drivers/STM32L4xx_HAL_Driver/Src/stm32l4xx_hal_gpio.o" --specs=nano.specs -mfpu=fpv4-sp-d16 -mfloat-abi=hard -mthumb -o "Drivers/STM32L4xx_HAL_Driver/Src/stm32l4xx_hal_gpio.o"
arm-none-eabi-gcc "../Drivers/STM32L4xx_HAL_Driver/Src/stm32l4xx_hal_i2c.c" -mcpu=cortex-m4 -std=gnu11 -g3 -DUSE_HAL_DRIVER -DSTM32L452xx -DDEBUG -c -I../Core/Inc -I../Drivers/STM32L4xx_HAL_Driver/Inc -I../Drivers/STM32L4xx_HAL_Driver/Inc/Legacy -I../Drivers/CMSIS/Device/ST/STM32L4xx/Include -I../Drivers/CMSIS/Include -O0 -ffunction-sections -fdata-sections -Wall -fstack-usage -MMD -MP -MF"Drivers/STM32L4xx_HAL_Driver/Src/stm32l4xx_hal_i2c.d" -MT"Drivers/STM32L4xx_HAL_Driver/Src/stm32l4xx_hal_i2c.o" --specs=nano.specs -mfpu=fpv4-sp-d16 -mfloat-abi=hard -mthumb -o "Drivers/STM32L4xx_HAL_Driver/Src/stm32l4xx_hal_i2c.o"
arm-none-eabi-gcc "../Drivers/STM32L4xx_HAL_Driver/Src/stm32l4xx_hal_i2c_ex.c" -mcpu=cortex-m4 -std=gnu11 -g3 -DUSE_HAL_DRIVER -DSTM32L452xx -DDEBUG -c -I../Core/Inc -I../Drivers/STM32L4xx_HAL_Driver/Inc -I../Drivers/STM32L4xx_HAL_Driver/Inc/Legacy -I../Drivers/CMSIS/Device/ST/STM32L4xx/Include -I../Drivers/CMSIS/Include -O0 -ffunction-sections -fdata-sections -Wall -fstack-usage -MMD -MP -MF"Drivers/STM32L4xx_HAL_Driver/Src/stm32l4xx_hal_i2c_ex.d" -MT"Drivers/STM32L4xx_HAL_Driver/Src/stm32l4xx_hal_i2c_ex.o" --specs=nano.specs -mfpu=fpv4-sp-d16 -mfloat-abi=hard -mthumb -o "Drivers/STM32L4xx_HAL_Driver/Src/stm32l4xx_hal_i2c_ex.o"
arm-none-eabi-gcc "../Drivers/STM32L4xx_HAL_Driver/Src/stm32l4xx_hal_pwr.c" -mcpu=cortex-m4 -std=gnu11 -g3 -DUSE_HAL_DRIVER -DSTM32L452xx -DDEBUG -c -I../Core/Inc -I../Drivers/STM32L4xx_HAL_Driver/Inc -I../Drivers/STM32L4xx_HAL_Driver/Inc/Legacy -I../Drivers/CMSIS/Device/ST/STM32L4xx/Include -I../Drivers/CMSIS/Include -O0 -ffunction-sections -fdata-sections -Wall -fstack-usage -MMD -MP -MF"Drivers/STM32L4xx_HAL_Driver/Src/stm32l4xx_hal_pwr.d" -MT"Drivers/STM32L4xx_HAL_Driver/Src/stm32l4xx_hal_pwr.o" --specs=nano.specs -mfpu=fpv4-sp-d16 -mfloat-abi=hard -mthumb -o "Drivers/STM32L4xx_HAL_Driver/Src/stm32l4xx_hal_pwr.o"
arm-none-eabi-gcc "../Drivers/STM32L4xx_HAL_Driver/Src/stm32l4xx_hal_pwr_ex.c" -mcpu=cortex-m4 -std=gnu11 -g3 -DUSE_HAL_DRIVER -DSTM32L452xx -DDEBUG -c -I../Core/Inc -I../Drivers/STM32L4xx_HAL_Driver/Inc -I../Drivers/STM32L4xx_HAL_Driver/Inc/Legacy -I../Drivers/CMSIS/Device/ST/STM32L4xx/Include -I../Drivers/CMSIS/Include -O0 -ffunction-sections -fdata-sections -Wall -fstack-usage -MMD -MP -MF"Drivers/STM32L4xx_HAL_Driver/Src/stm32l4xx_hal_pwr_ex.d" -MT"Drivers/STM32L4xx_HAL_Driver/Src/stm32l4xx_hal_pwr_ex.o" --specs=nano.specs -mfpu=fpv4-sp-d16 -mfloat-abi=hard -mthumb -o "Drivers/STM32L4xx_HAL_Driver/Src/stm32l4xx_hal_pwr_ex.o"
arm-none-eabi-gcc "../Drivers/STM32L4xx_HAL_Driver/Src/stm32l4xx_hal_rcc.c" -mcpu=cortex-m4 -std=gnu11 -g3 -DUSE_HAL_DRIVER -DSTM32L452xx -DDEBUG -c -I../Core/Inc -I../Drivers/STM32L4xx_HAL_Driver/Inc -I../Drivers/STM32L4xx_HAL_Driver/Inc/Legacy -I../Drivers/CMSIS/Device/ST/STM32L4xx/Include -I../Drivers/CMSIS/Include -O0 -ffunction-sections -fdata-sections -Wall -fstack-usage -MMD -MP -MF"Drivers/STM32L4xx_HAL_Driver/Src/stm32l4xx_hal_rcc.d" -MT"Drivers/STM32L4xx_HAL_Driver/Src/stm32l4xx_hal_rcc.o" --specs=nano.specs -mfpu=fpv4-sp-d16 -mfloat-abi=hard -mthumb -o "Drivers/STM32L4xx_HAL_Driver/Src/stm32l4xx_hal_rcc.o"
arm-none-eabi-gcc "../Drivers/STM32L4xx_HAL_Driver/Src/stm32l4xx_hal_rcc_ex.c" -mcpu=cortex-m4 -std=gnu11 -g3 -DUSE_HAL_DRIVER -DSTM32L452xx -DDEBUG -c -I../Core/Inc -I../Drivers/STM32L4xx_HAL_Driver/Inc -I../Drivers/STM32L4xx_HAL_Driver/Inc/Legacy -I../Drivers/CMSIS/Device/ST/STM32L4xx/Include -I../Drivers/CMSIS/Include -O0 -ffunction-sections -fdata-sections -Wall -fstack-usage -MMD -MP -MF"Drivers/STM32L4xx_HAL_Driver/Src/stm32l4xx_hal_rcc_ex.d" -MT"Drivers/STM32L4xx_HAL_Driver/Src/stm32l4xx_hal_rcc_ex.o" --specs=nano.specs -mfpu=fpv4-sp-d16 -mfloat-abi=hard -mthumb -o "Drivers/STM32L4xx_HAL_Driver/Src/stm32l4xx_hal_rcc_ex.o"
arm-none-eabi-gcc "../Drivers/STM32L4xx_HAL_Driver/Src/stm32l4xx_hal_rtc.c" -mcpu=cortex-m4 -std=gnu11 -g3 -DUSE_HAL_DRIVER -DSTM32L452xx -DDEBUG -c -I../Core/Inc -I../Drivers/STM32L4xx_HAL_Driver/Inc -I../Drivers/STM32L4xx_HAL_Driver/Inc/Legacy -I../Drivers/CMSIS/Device/ST/STM32L4xx/Include -I../Drivers/CMSIS/Include -O0 -ffunction-sections -fdata-sections -Wall -fstack-usage -MMD -MP -MF"Drivers/STM32L4xx_HAL_Driver/Src/stm32l4xx_hal_rtc.d" -MT"Drivers/STM32L4xx_HAL_Driver/Src/stm32l4xx_hal_rtc.o" --specs=nano.specs -mfpu=fpv4-sp-d16 -mfloat-abi=hard -mthumb -o "Drivers/STM32L4xx_HAL_Driver/Src/stm32l4xx_hal_rtc.o"
arm-none-eabi-gcc "../Drivers/STM32L4xx_HAL_Driver/Src/stm32l4xx_hal_rtc_ex.c" -mcpu=cortex-m4 -std=gnu11 -g3 -DUSE_HAL_DRIVER -DSTM32L452xx -DDEBUG -c -I../Core/Inc -I../Drivers/STM32L4xx_HAL_Driver/Inc -I../Drivers/STM32L4xx_HAL_Driver/Inc/Legacy -I../Drivers/CMSIS/Device/ST/STM32L4xx/Include -I../Drivers/CMSIS/Include -O0 -ffunction-sections -fdata-sections -Wall -fstack-usage -MMD -MP -MF"Drivers/STM32L4xx_HAL_Driver/Src/stm32l4xx_hal_rtc_ex.d" -MT"Drivers/STM32L4xx_HAL_Driver/Src/stm32l4xx_hal_rtc_ex.o" --specs=nano.specs -mfpu=fpv4-sp-d16 -mfloat-abi=hard -mthumb -o "Drivers/STM32L4xx_HAL_Driver/Src/stm32l4xx_hal_rtc_ex.o"
arm-none-eabi-gcc "../Drivers/STM32L4xx_HAL_Driver/Src/stm32l4xx_hal_tim.c" -mcpu=cortex-m4 -std=gnu11 -g3 -DUSE_HAL_DRIVER -DSTM32L452xx -DDEBUG -c -I../Core/Inc -I../Drivers/STM32L4xx_HAL_Driver/Inc -I../Drivers/STM32L4xx_HAL_Driver/Inc/Legacy -I../Drivers/CMSIS/Device/ST/STM32L4xx/Include -I../Drivers/CMSIS/Include -O0 -ffunction-sections -fdata-sections -Wall -fstack-usage -MMD -MP -MF"Drivers/STM32L4xx_HAL_Driver/Src/stm32l4xx_hal_tim.d" -MT"Drivers/STM32L4xx_HAL_Driver/Src/stm32l4xx_hal_tim.o" --specs=nano.specs -mfpu=fpv4-sp-d16 -mfloat-abi=hard -mthumb -o "Drivers/STM32L4xx_HAL_Driver/Src/stm32l4xx_hal_tim.o"
arm-none-eabi-gcc "../Drivers/STM32L4xx_HAL_Driver/Src/stm32l4xx_hal_tim_ex.c" -mcpu=cortex-m4 -std=gnu11 -g3 -DUSE_HAL_DRIVER -DSTM32L452xx -DDEBUG -c -I../Core/Inc -I../Drivers/STM32L4xx_HAL_Driver/Inc -I../Drivers/STM32L4xx_HAL_Driver/Inc/Legacy -I../Drivers/CMSIS/Device/ST/STM32L4xx/Include -I../Drivers/CMSIS/Include -O0 -ffunction-sections -fdata-sections -Wall -fstack-usage -MMD -MP -MF"Drivers/STM32L4xx_HAL_Driver/Src/stm32l4xx_hal_tim_ex.d" -MT"Drivers/STM32L4xx_HAL_Driver/Src/stm32l4xx_hal_tim_ex.o" --specs=nano.specs -mfpu=fpv4-sp-d16 -mfloat-abi=hard -mthumb -o "Drivers/STM32L4xx_HAL_Driver/Src/stm32l4xx_hal_tim_ex.o"
arm-none-eabi-gcc "../Drivers/STM32L4xx_HAL_Driver/Src/stm32l4xx_hal_uart.c" -mcpu=cortex-m4 -std=gnu11 -g3 -DUSE_HAL_DRIVER -DSTM32L452xx -DDEBUG -c -I../Core/Inc -I../Drivers/STM32L4xx_HAL_Driver/Inc -I../Drivers/STM32L4xx_HAL_Driver/Inc/Legacy -I../Drivers/CMSIS/Device/ST/STM32L4xx/Include -I../Drivers/CMSIS/Include -O0 -ffunction-sections -fdata-sections -Wall -fstack-usage -MMD -MP -MF"Drivers/STM32L4xx_HAL_Driver/Src/stm32l4xx_hal_uart.d" -MT"Drivers/STM32L4xx_HAL_Driver/Src/stm32l4xx_hal_uart.o" --specs=nano.specs -mfpu=fpv4-sp-d16 -mfloat-abi=hard -mthumb -o "Drivers/STM32L4xx_HAL_Driver/Src/stm32l4xx_hal_uart.o"
arm-none-eabi-gcc "../Drivers/STM32L4xx_HAL_Driver/Src/stm32l4xx_hal_uart_ex.c" -mcpu=cortex-m4 -std=gnu11 -g3 -DUSE_HAL_DRIVER -DSTM32L452xx -DDEBUG -c -I../Core/Inc -I../Drivers/STM32L4xx_HAL_Driver/Inc -I../Drivers/STM32L4xx_HAL_Driver/Inc/Legacy -I../Drivers/CMSIS/Device/ST/STM32L4xx/Include -I../Drivers/CMSIS/Include -O0 -ffunction-sections -fdata-sections -Wall -fstack-usage -MMD -MP -MF"Drivers/STM32L4xx_HAL_Driver/Src/stm32l4xx_hal_uart_ex.d" -MT"Drivers/STM32L4xx_HAL_Driver/Src/stm32l4xx_hal_uart_ex.o" --specs=nano.specs -mfpu=fpv4-sp-d16 -mfloat-abi=hard -mthumb -o "Drivers/STM32L4xx_HAL_Driver/Src/stm32l4xx_hal_uart_ex.o"
arm-none-eabi-gcc -mcpu=cortex-m4 -g3 -c -x assembler-with-cpp -MMD -MP -MF"Core/Startup/startup_stm32l452rctx.d" -MT"Core/Startup/startup_stm32l452rctx.o" --specs=nano.specs -mfpu=fpv4-sp-d16 -mfloat-abi=hard -mthumb -o "Core/Startup/startup_stm32l452rctx.o" "../Core/Startup/startup_stm32l452rctx.s"
arm-none-eabi-gcc "../Core/Src/L506.c" -mcpu=cortex-m4 -std=gnu11 -g3 -DUSE_HAL_DRIVER -DSTM32L452xx -DDEBUG -c -I../Core/Inc -I../Drivers/STM32L4xx_HAL_Driver/Inc -I../Drivers/STM32L4xx_HAL_Driver/Inc/Legacy -I../Drivers/CMSIS/Device/ST/STM32L4xx/Include -I../Drivers/CMSIS/Include -O0 -ffunction-sections -fdata-sections -Wall -fstack-usage -MMD -MP -MF"Core/Src/L506.d" -MT"Core/Src/L506.o" --specs=nano.specs -mfpu=fpv4-sp-d16 -mfloat-abi=hard -mthumb -o "Core/Src/L506.o"
arm-none-eabi-gcc "../Core/Src/main.c" -mcpu=cortex-m4 -std=gnu11 -g3 -DUSE_HAL_DRIVER -DSTM32L452xx -DDEBUG -c -I../Core/Inc -I../Drivers/STM32L4xx_HAL_Driver/Inc -I../Drivers/STM32L4xx_HAL_Driver/Inc/Legacy -I../Drivers/CMSIS/Device/ST/STM32L4xx/Include -I../Drivers/CMSIS/Include -O0 -ffunction-sections -fdata-sections -Wall -fstack-usage -MMD -MP -MF"Core/Src/main.d" -MT"Core/Src/main.o" --specs=nano.specs -mfpu=fpv4-sp-d16 -mfloat-abi=hard -mthumb -o "Core/Src/main.o"
arm-none-eabi-gcc "../Core/Src/stm32l4xx_hal_msp.c" -mcpu=cortex-m4 -std=gnu11 -g3 -DUSE_HAL_DRIVER -DSTM32L452xx -DDEBUG -c -I../Core/Inc -I../Drivers/STM32L4xx_HAL_Driver/Inc -I../Drivers/STM32L4xx_HAL_Driver/Inc/Legacy -I../Drivers/CMSIS/Device/ST/STM32L4xx/Include -I../Drivers/CMSIS/Include -O0 -ffunction-sections -fdata-sections -Wall -fstack-usage -MMD -MP -MF"Core/Src/stm32l4xx_hal_msp.d" -MT"Core/Src/stm32l4xx_hal_msp.o" --specs=nano.specs -mfpu=fpv4-sp-d16 -mfloat-abi=hard -mthumb -o "Core/Src/stm32l4xx_hal_msp.o"
../Core/Src/L506.c: In function 'GSM_Init':
../Core/Src/L506.c:55:39: warning: implicit declaration of function 'strlen' [-Wimplicit-function-declaration]
    HAL_UART_Transmit(&huart1, buffer, strlen((char*)buffer), 1000);
                                       ^~~~~~
../Core/Src/L506.c:55:39: warning: incompatible implicit declaration of built-in function 'strlen'
../Core/Src/L506.c:55:39: note: include '<string.h>' or provide a declaration of 'strlen'
../Core/Src/L506.c: In function 'fnParseOKPacket':
../Core/Src/L506.c:59:8: warning: implicit declaration of function 'memcmp' [-Wimplicit-function-declaration]
   if (!memcmp(arrRes, "\r\nOK", 4)) {
        ^~~~~~
../Core/Src/L506.c: In function 'fnCheckSendSVPacket':
../Core/Src/L506.c:123:8: warning: implicit declaration of function 'strstr' [-Wimplicit-function-declaration]
  ptr = strstr(arrRes, "CIPSEND:SUCCESS");
        ^~~~~~
../Core/Src/L506.c:123:8: warning: incompatible implicit declaration of built-in function 'strstr'
../Core/Src/L506.c:123:8: note: include '<string.h>' or provide a declaration of 'strstr'
../Core/Src/L506.c: In function 'fnParseReceiveSVPacket':
../Core/Src/L506.c:133:8: warning: incompatible implicit declaration of built-in function 'strstr'
  ptr = strstr(arrRes, "CIPRXGET:SUCCESS");
        ^~~~~~
../Core/Src/L506.c:133:8: note: include '<string.h>' or provide a declaration of 'strstr'
../Core/Src/L506.c: In function 'fnCheckPacket':
../Core/Src/L506.c:142:3: warning: implicit declaration of function 'memset' [-Wimplicit-function-declaration]
   memset(buffer, '\0', 256);
   ^~~~~~
../Core/Src/L506.c:142:3: warning: incompatible implicit declaration of built-in function 'memset'
../Core/Src/L506.c:142:3: note: include '<string.h>' or provide a declaration of 'memset'
../Core/Src/L506.c:147:23: warning: pointer targets in passing argument 1 of 'fnParse' differ in signedness [-Wpointer-sign]
      answer = fnParse(buffer);
                       ^~~~~~
../Core/Src/L506.c:147:23: note: expected 'char *' but argument is of type 'uint8_t * {aka unsigned char *}'
../Core/Src/L506.c:149:38: warning: incompatible implicit declaration of built-in function 'strlen'
   HAL_UART_Transmit(&huart1, buffer, strlen((char*)buffer), 1000);
                                      ^~~~~~
../Core/Src/L506.c:149:38: note: include '<string.h>' or provide a declaration of 'strlen'
../Core/Src/L506.c: In function 'GPRS_Ask':
../Core/Src/L506.c:155:3: warning: incompatible implicit declaration of built-in function 'memset'
   memset(buffer, '\0', 256);
   ^~~~~~
../Core/Src/L506.c:155:3: note: include '<string.h>' or provide a declaration of 'memset'
../Core/Src/L506.c:159:38: warning: incompatible implicit declaration of built-in function 'strlen'
   HAL_UART_Transmit(&huart1, buffer, strlen((char*)buffer), 1000);
                                      ^~~~~~
../Core/Src/L506.c:159:38: note: include '<string.h>' or provide a declaration of 'strlen'
../Core/Src/L506.c: In function 'fncSend_DataServer':
../Core/Src/L506.c:180:46: warning: incompatible implicit declaration of built-in function 'strlen'
       HAL_UART_Transmit(&huart1,serverText1, strlen((char*)serverText1), 1000);
                                              ^~~~~~
../Core/Src/L506.c:180:46: note: include '<string.h>' or provide a declaration of 'strlen'
../Core/Src/L506.c:183:46: warning: incompatible implicit declaration of built-in function 'strlen'
       HAL_UART_Transmit(&huart1,serverText2, strlen((char*)serverText2), 1000);
                                              ^~~~~~
../Core/Src/L506.c:183:46: note: include '<string.h>' or provide a declaration of 'strlen'
../Core/Src/L506.c: In function 'fncReceive_DataServer':
../Core/Src/L506.c:196:4: warning: implicit declaration of function 'memcpy' [-Wimplicit-function-declaration]
    memcpy(revRtc, buffer, sizeof(buffer));
    ^~~~~~
../Core/Src/L506.c:196:4: warning: incompatible implicit declaration of built-in function 'memcpy'
../Core/Src/L506.c:196:4: note: include '<string.h>' or provide a declaration of 'memcpy'
../Core/Src/L506.c:198:14: warning: incompatible implicit declaration of built-in function 'strlen'
    vr_test = strlen(arrRevProcess);
              ^~~~~~
../Core/Src/L506.c:198:14: note: include '<string.h>' or provide a declaration of 'strlen'
../Core/Src/L506.c:202:1: warning: control reaches end of non-void function [-Wreturn-type]
 }
 ^
../Core/Src/main.c: In function 'main':
../Core/Src/main.c:236:14: warning: implicit declaration of function 'fncSend_DataServer' [-Wimplicit-function-declaration]
     result = fncSend_DataServer(CMD_SEND_DATA, arr, 24);
              ^~~~~~~~~~~~~~~~~~
../Core/Src/main.c:257:5: warning: implicit declaration of function 'fncReceive_DataServer' [-Wimplicit-function-declaration]
     fncReceive_DataServer(CMD_RECEIVE_DATA);
     ^~~~~~~~~~~~~~~~~~~~~
../Core/Src/main.c:271:18: warning: implicit declaration of function 'convertTimeSendSV'; did you mean 'convertTime'? [-Wimplicit-function-declaration]
      time_conv = convertTimeSendSV(arrRevProcess[vr_test-2]);
                  ^~~~~~~~~~~~~~~~~
                  convertTime
arm-none-eabi-gcc "../Core/Src/stm32l4xx_it.c" -mcpu=cortex-m4 -std=gnu11 -g3 -DUSE_HAL_DRIVER -DSTM32L452xx -DDEBUG -c -I../Core/Inc -I../Drivers/STM32L4xx_HAL_Driver/Inc -I../Drivers/STM32L4xx_HAL_Driver/Inc/Legacy -I../Drivers/CMSIS/Device/ST/STM32L4xx/Include -I../Drivers/CMSIS/Include -O0 -ffunction-sections -fdata-sections -Wall -fstack-usage -MMD -MP -MF"Core/Src/stm32l4xx_it.d" -MT"Core/Src/stm32l4xx_it.o" --specs=nano.specs -mfpu=fpv4-sp-d16 -mfloat-abi=hard -mthumb -o "Core/Src/stm32l4xx_it.o"
arm-none-eabi-gcc "../Core/Src/syscalls.c" -mcpu=cortex-m4 -std=gnu11 -g3 -DUSE_HAL_DRIVER -DSTM32L452xx -DDEBUG -c -I../Core/Inc -I../Drivers/STM32L4xx_HAL_Driver/Inc -I../Drivers/STM32L4xx_HAL_Driver/Inc/Legacy -I../Drivers/CMSIS/Device/ST/STM32L4xx/Include -I../Drivers/CMSIS/Include -O0 -ffunction-sections -fdata-sections -Wall -fstack-usage -MMD -MP -MF"Core/Src/syscalls.d" -MT"Core/Src/syscalls.o" --specs=nano.specs -mfpu=fpv4-sp-d16 -mfloat-abi=hard -mthumb -o "Core/Src/syscalls.o"
arm-none-eabi-gcc "../Core/Src/sysmem.c" -mcpu=cortex-m4 -std=gnu11 -g3 -DUSE_HAL_DRIVER -DSTM32L452xx -DDEBUG -c -I../Core/Inc -I../Drivers/STM32L4xx_HAL_Driver/Inc -I../Drivers/STM32L4xx_HAL_Driver/Inc/Legacy -I../Drivers/CMSIS/Device/ST/STM32L4xx/Include -I../Drivers/CMSIS/Include -O0 -ffunction-sections -fdata-sections -Wall -fstack-usage -MMD -MP -MF"Core/Src/sysmem.d" -MT"Core/Src/sysmem.o" --specs=nano.specs -mfpu=fpv4-sp-d16 -mfloat-abi=hard -mthumb -o "Core/Src/sysmem.o"
arm-none-eabi-gcc "../Core/Src/system_stm32l4xx.c" -mcpu=cortex-m4 -std=gnu11 -g3 -DUSE_HAL_DRIVER -DSTM32L452xx -DDEBUG -c -I../Core/Inc -I../Drivers/STM32L4xx_HAL_Driver/Inc -I../Drivers/STM32L4xx_HAL_Driver/Inc/Legacy -I../Drivers/CMSIS/Device/ST/STM32L4xx/Include -I../Drivers/CMSIS/Include -O0 -ffunction-sections -fdata-sections -Wall -fstack-usage -MMD -MP -MF"Core/Src/system_stm32l4xx.d" -MT"Core/Src/system_stm32l4xx.o" --specs=nano.specs -mfpu=fpv4-sp-d16 -mfloat-abi=hard -mthumb -o "Core/Src/system_stm32l4xx.o"
arm-none-eabi-gcc "../Core/Src/time.c" -mcpu=cortex-m4 -std=gnu11 -g3 -DUSE_HAL_DRIVER -DSTM32L452xx -DDEBUG -c -I../Core/Inc -I../Drivers/STM32L4xx_HAL_Driver/Inc -I../Drivers/STM32L4xx_HAL_Driver/Inc/Legacy -I../Drivers/CMSIS/Device/ST/STM32L4xx/Include -I../Drivers/CMSIS/Include -O0 -ffunction-sections -fdata-sections -Wall -fstack-usage -MMD -MP -MF"Core/Src/time.d" -MT"Core/Src/time.o" --specs=nano.specs -mfpu=fpv4-sp-d16 -mfloat-abi=hard -mthumb -o "Core/Src/time.o"
arm-none-eabi-gcc "../Core/Src/trace.c" -mcpu=cortex-m4 -std=gnu11 -g3 -DUSE_HAL_DRIVER -DSTM32L452xx -DDEBUG -c -I../Core/Inc -I../Drivers/STM32L4xx_HAL_Driver/Inc -I../Drivers/STM32L4xx_HAL_Driver/Inc/Legacy -I../Drivers/CMSIS/Device/ST/STM32L4xx/Include -I../Drivers/CMSIS/Include -O0 -ffunction-sections -fdata-sections -Wall -fstack-usage -MMD -MP -MF"Core/Src/trace.d" -MT"Core/Src/trace.o" --specs=nano.specs -mfpu=fpv4-sp-d16 -mfloat-abi=hard -mthumb -o "Core/Src/trace.o"
../Core/Src/time.c: In function 'processChar':
../Core/Src/time.c:41:9: warning: implicit declaration of function 'strchr' [-Wimplicit-function-declaration]
  ptr1 = strchr(strInput, chr);
         ^~~~~~
../Core/Src/time.c:41:9: warning: incompatible implicit declaration of built-in function 'strchr'
../Core/Src/time.c:41:9: note: include '<string.h>' or provide a declaration of 'strchr'
../Core/Src/time.c:46:2: warning: implicit declaration of function 'memcpy' [-Wimplicit-function-declaration]
  memcpy(strRes, ptr1+1, ptr2-ptr1-2);
  ^~~~~~
../Core/Src/time.c:46:2: warning: incompatible implicit declaration of built-in function 'memcpy'
../Core/Src/time.c:46:2: note: include '<string.h>' or provide a declaration of 'memcpy'
arm-none-eabi-gcc -o "CodeProject.elf" @"objects.list"   -mcpu=cortex-m4 -T"D:\SaoViet\Wsp_1\CodeProject\STM32L452RCTX_FLASH.ld" --specs=nosys.specs -Wl,-Map="CodeProject.map" -Wl,--gc-sections -static --specs=nano.specs -mfpu=fpv4-sp-d16 -mfloat-abi=hard -mthumb -Wl,--start-group -lc -lm -Wl,--end-group
Finished building target: CodeProject.elf
 
arm-none-eabi-size   CodeProject.elf 
arm-none-eabi-objdump -h -S  CodeProject.elf  > "CodeProject.list"
arm-none-eabi-objcopy  -O binary  CodeProject.elf  "CodeProject.bin"
   text	   data	    bss	    dec	    hex	filename
  23552	    332	   3124	  27008	   6980	CodeProject.elf
Finished building: default.size.stdout
 
Finished building: CodeProject.bin
 
Finished building: CodeProject.list
 
11:00:30 **** Incremental Build of configuration Debug for project CodeProject ****
make -j8 all 
arm-none-eabi-gcc "../Core/Src/L506.c" -mcpu=cortex-m4 -std=gnu11 -g3 -DUSE_HAL_DRIVER -DSTM32L452xx -DDEBUG -c -I../Core/Inc -I../Drivers/STM32L4xx_HAL_Driver/Inc -I../Drivers/STM32L4xx_HAL_Driver/Inc/Legacy -I../Drivers/CMSIS/Device/ST/STM32L4xx/Include -I../Drivers/CMSIS/Include -O0 -ffunction-sections -fdata-sections -Wall -fstack-usage -MMD -MP -MF"Core/Src/L506.d" -MT"Core/Src/L506.o" --specs=nano.specs -mfpu=fpv4-sp-d16 -mfloat-abi=hard -mthumb -o "Core/Src/L506.o"
../Core/Src/L506.c: In function 'GSM_Init':
../Core/Src/L506.c:55:39: warning: implicit declaration of function 'strlen' [-Wimplicit-function-declaration]
    HAL_UART_Transmit(&huart1, buffer, strlen((char*)buffer), 1000);
                                       ^~~~~~
../Core/Src/L506.c:55:39: warning: incompatible implicit declaration of built-in function 'strlen'
../Core/Src/L506.c:55:39: note: include '<string.h>' or provide a declaration of 'strlen'
../Core/Src/L506.c: In function 'fnParseOKPacket':
../Core/Src/L506.c:59:8: warning: implicit declaration of function 'memcmp' [-Wimplicit-function-declaration]
   if (!memcmp(arrRes, "\r\nOK", 4)) {
        ^~~~~~
../Core/Src/L506.c: In function 'fnCheckSendSVPacket':
../Core/Src/L506.c:123:8: warning: implicit declaration of function 'strstr' [-Wimplicit-function-declaration]
  ptr = strstr(arrRes, "CIPSEND:SUCCESS");
        ^~~~~~
../Core/Src/L506.c:123:8: warning: incompatible implicit declaration of built-in function 'strstr'
../Core/Src/L506.c:123:8: note: include '<string.h>' or provide a declaration of 'strstr'
../Core/Src/L506.c: In function 'fnParseReceiveSVPacket':
../Core/Src/L506.c:133:8: warning: incompatible implicit declaration of built-in function 'strstr'
  ptr = strstr(arrRes, "CIPRXGET:SUCCESS");
        ^~~~~~
../Core/Src/L506.c:133:8: note: include '<string.h>' or provide a declaration of 'strstr'
../Core/Src/L506.c: In function 'fnCheckPacket':
../Core/Src/L506.c:142:3: warning: implicit declaration of function 'memset' [-Wimplicit-function-declaration]
   memset(buffer, '\0', 256);
   ^~~~~~
../Core/Src/L506.c:142:3: warning: incompatible implicit declaration of built-in function 'memset'
../Core/Src/L506.c:142:3: note: include '<string.h>' or provide a declaration of 'memset'
../Core/Src/L506.c:147:23: warning: pointer targets in passing argument 1 of 'fnParse' differ in signedness [-Wpointer-sign]
      answer = fnParse(buffer);
                       ^~~~~~
../Core/Src/L506.c:147:23: note: expected 'char *' but argument is of type 'uint8_t * {aka unsigned char *}'
../Core/Src/L506.c:149:38: warning: incompatible implicit declaration of built-in function 'strlen'
   HAL_UART_Transmit(&huart1, buffer, strlen((char*)buffer), 1000);
                                      ^~~~~~
../Core/Src/L506.c:149:38: note: include '<string.h>' or provide a declaration of 'strlen'
../Core/Src/L506.c: In function 'GPRS_Ask':
../Core/Src/L506.c:155:3: warning: incompatible implicit declaration of built-in function 'memset'
   memset(buffer, '\0', 256);
   ^~~~~~
../Core/Src/L506.c:155:3: note: include '<string.h>' or provide a declaration of 'memset'
../Core/Src/L506.c:159:38: warning: incompatible implicit declaration of built-in function 'strlen'
   HAL_UART_Transmit(&huart1, buffer, strlen((char*)buffer), 1000);
                                      ^~~~~~
../Core/Src/L506.c:159:38: note: include '<string.h>' or provide a declaration of 'strlen'
../Core/Src/L506.c: In function 'fncSend_DataServer':
../Core/Src/L506.c:180:46: warning: incompatible implicit declaration of built-in function 'strlen'
       HAL_UART_Transmit(&huart1,serverText1, strlen((char*)serverText1), 1000);
                                              ^~~~~~
../Core/Src/L506.c:180:46: note: include '<string.h>' or provide a declaration of 'strlen'
../Core/Src/L506.c:183:46: warning: incompatible implicit declaration of built-in function 'strlen'
       HAL_UART_Transmit(&huart1,serverText2, strlen((char*)serverText2), 1000);
                                              ^~~~~~
../Core/Src/L506.c:183:46: note: include '<string.h>' or provide a declaration of 'strlen'
../Core/Src/L506.c: In function 'fncReceive_DataServer':
../Core/Src/L506.c:196:4: warning: implicit declaration of function 'memcpy' [-Wimplicit-function-declaration]
    memcpy(revRtc, buffer, sizeof(buffer));
    ^~~~~~
../Core/Src/L506.c:196:4: warning: incompatible implicit declaration of built-in function 'memcpy'
../Core/Src/L506.c:196:4: note: include '<string.h>' or provide a declaration of 'memcpy'
../Core/Src/L506.c:198:14: warning: incompatible implicit declaration of built-in function 'strlen'
    vr_test = strlen(arrRevProcess);
              ^~~~~~
../Core/Src/L506.c:198:14: note: include '<string.h>' or provide a declaration of 'strlen'
arm-none-eabi-gcc -o "CodeProject.elf" @"objects.list"   -mcpu=cortex-m4 -T"D:\SaoViet\Wsp_1\CodeProject\STM32L452RCTX_FLASH.ld" --specs=nosys.specs -Wl,-Map="CodeProject.map" -Wl,--gc-sections -static --specs=nano.specs -mfpu=fpv4-sp-d16 -mfloat-abi=hard -mthumb -Wl,--start-group -lc -lm -Wl,--end-group
Finished building target: CodeProject.elf
 
arm-none-eabi-objdump -h -S  CodeProject.elf  > "CodeProject.list"
arm-none-eabi-objcopy  -O binary  CodeProject.elf  "CodeProject.bin"
arm-none-eabi-size   CodeProject.elf 
   text	   data	    bss	    dec	    hex	filename
  23552	    332	   3124	  27008	   6980	CodeProject.elf
Finished building: default.size.stdout
 
Finished building: CodeProject.bin
 
Finished building: CodeProject.list
 
11:05:05 **** Incremental Build of configuration Debug for project CodeProject ****
make -j8 all 
arm-none-eabi-gcc "../Core/Src/L506.c" -mcpu=cortex-m4 -std=gnu11 -g3 -DUSE_HAL_DRIVER -DSTM32L452xx -DDEBUG -c -I../Core/Inc -I../Drivers/STM32L4xx_HAL_Driver/Inc -I../Drivers/STM32L4xx_HAL_Driver/Inc/Legacy -I../Drivers/CMSIS/Device/ST/STM32L4xx/Include -I../Drivers/CMSIS/Include -O0 -ffunction-sections -fdata-sections -Wall -fstack-usage -MMD -MP -MF"Core/Src/L506.d" -MT"Core/Src/L506.o" --specs=nano.specs -mfpu=fpv4-sp-d16 -mfloat-abi=hard -mthumb -o "Core/Src/L506.o"
../Core/Src/L506.c: In function 'GSM_Init':
../Core/Src/L506.c:55:39: warning: implicit declaration of function 'strlen' [-Wimplicit-function-declaration]
    HAL_UART_Transmit(&huart1, buffer, strlen((char*)buffer), 1000);
                                       ^~~~~~
../Core/Src/L506.c:55:39: warning: incompatible implicit declaration of built-in function 'strlen'
../Core/Src/L506.c:55:39: note: include '<string.h>' or provide a declaration of 'strlen'
../Core/Src/L506.c: In function 'fnParseOKPacket':
../Core/Src/L506.c:59:8: warning: implicit declaration of function 'memcmp' [-Wimplicit-function-declaration]
   if (!memcmp(arrRes, "\r\nOK", 4)) {
        ^~~~~~
../Core/Src/L506.c: In function 'fnCheckSendSVPacket':
../Core/Src/L506.c:123:8: warning: implicit declaration of function 'strstr' [-Wimplicit-function-declaration]
  ptr = strstr(arrRes, "CIPSEND:SUCCESS");
        ^~~~~~
../Core/Src/L506.c:123:8: warning: incompatible implicit declaration of built-in function 'strstr'
../Core/Src/L506.c:123:8: note: include '<string.h>' or provide a declaration of 'strstr'
../Core/Src/L506.c: In function 'fnParseReceiveSVPacket':
../Core/Src/L506.c:133:8: warning: incompatible implicit declaration of built-in function 'strstr'
  ptr = strstr(arrRes, "CIPRXGET:SUCCESS");
        ^~~~~~
../Core/Src/L506.c:133:8: note: include '<string.h>' or provide a declaration of 'strstr'
../Core/Src/L506.c: In function 'fnCheckPacket':
../Core/Src/L506.c:142:3: warning: implicit declaration of function 'memset' [-Wimplicit-function-declaration]
   memset(buffer, '\0', 256);
   ^~~~~~
../Core/Src/L506.c:142:3: warning: incompatible implicit declaration of built-in function 'memset'
../Core/Src/L506.c:142:3: note: include '<string.h>' or provide a declaration of 'memset'
../Core/Src/L506.c:147:23: warning: pointer targets in passing argument 1 of 'fnParse' differ in signedness [-Wpointer-sign]
      answer = fnParse(buffer);
                       ^~~~~~
../Core/Src/L506.c:147:23: note: expected 'char *' but argument is of type 'uint8_t * {aka unsigned char *}'
../Core/Src/L506.c:149:38: warning: incompatible implicit declaration of built-in function 'strlen'
   HAL_UART_Transmit(&huart1, buffer, strlen((char*)buffer), 1000);
                                      ^~~~~~
../Core/Src/L506.c:149:38: note: include '<string.h>' or provide a declaration of 'strlen'
../Core/Src/L506.c: In function 'GPRS_Ask':
../Core/Src/L506.c:155:3: warning: incompatible implicit declaration of built-in function 'memset'
   memset(buffer, '\0', 256);
   ^~~~~~
../Core/Src/L506.c:155:3: note: include '<string.h>' or provide a declaration of 'memset'
../Core/Src/L506.c:159:38: warning: incompatible implicit declaration of built-in function 'strlen'
   HAL_UART_Transmit(&huart1, buffer, strlen((char*)buffer), 1000);
                                      ^~~~~~
../Core/Src/L506.c:159:38: note: include '<string.h>' or provide a declaration of 'strlen'
../Core/Src/L506.c: In function 'fncSend_DataServer':
../Core/Src/L506.c:180:46: warning: incompatible implicit declaration of built-in function 'strlen'
       HAL_UART_Transmit(&huart1,serverText1, strlen((char*)serverText1), 1000);
                                              ^~~~~~
../Core/Src/L506.c:180:46: note: include '<string.h>' or provide a declaration of 'strlen'
../Core/Src/L506.c:183:46: warning: incompatible implicit declaration of built-in function 'strlen'
       HAL_UART_Transmit(&huart1,serverText2, strlen((char*)serverText2), 1000);
                                              ^~~~~~
../Core/Src/L506.c:183:46: note: include '<string.h>' or provide a declaration of 'strlen'
../Core/Src/L506.c: In function 'fncReceive_DataServer':
../Core/Src/L506.c:196:4: warning: implicit declaration of function 'memcpy' [-Wimplicit-function-declaration]
    memcpy(revRtc, buffer, sizeof(buffer));
    ^~~~~~
../Core/Src/L506.c:196:4: warning: incompatible implicit declaration of built-in function 'memcpy'
../Core/Src/L506.c:196:4: note: include '<string.h>' or provide a declaration of 'memcpy'
../Core/Src/L506.c:198:14: warning: incompatible implicit declaration of built-in function 'strlen'
    vr_test = strlen(arrRevProcess);
              ^~~~~~
../Core/Src/L506.c:198:14: note: include '<string.h>' or provide a declaration of 'strlen'
arm-none-eabi-gcc -o "CodeProject.elf" @"objects.list"   -mcpu=cortex-m4 -T"D:\SaoViet\Wsp_1\CodeProject\STM32L452RCTX_FLASH.ld" --specs=nosys.specs -Wl,-Map="CodeProject.map" -Wl,--gc-sections -static --specs=nano.specs -mfpu=fpv4-sp-d16 -mfloat-abi=hard -mthumb -Wl,--start-group -lc -lm -Wl,--end-group
Finished building target: CodeProject.elf
 
arm-none-eabi-objdump -h -S  CodeProject.elf  > "CodeProject.list"
arm-none-eabi-objcopy  -O binary  CodeProject.elf  "CodeProject.bin"
arm-none-eabi-size   CodeProject.elf 
   text	   data	    bss	    dec	    hex	filename
  23552	    332	   3124	  27008	   6980	CodeProject.elf
Finished building: default.size.stdout
 
Finished building: CodeProject.bin
 
Finished building: CodeProject.list
 
11:15:21 **** Incremental Build of configuration Debug for project CodeProject ****
make -j8 all 
arm-none-eabi-gcc "../Core/Src/L506.c" -mcpu=cortex-m4 -std=gnu11 -g3 -DUSE_HAL_DRIVER -DSTM32L452xx -DDEBUG -c -I../Core/Inc -I../Drivers/STM32L4xx_HAL_Driver/Inc -I../Drivers/STM32L4xx_HAL_Driver/Inc/Legacy -I../Drivers/CMSIS/Device/ST/STM32L4xx/Include -I../Drivers/CMSIS/Include -O0 -ffunction-sections -fdata-sections -Wall -fstack-usage -MMD -MP -MF"Core/Src/L506.d" -MT"Core/Src/L506.o" --specs=nano.specs -mfpu=fpv4-sp-d16 -mfloat-abi=hard -mthumb -o "Core/Src/L506.o"
arm-none-eabi-gcc "../Core/Src/main.c" -mcpu=cortex-m4 -std=gnu11 -g3 -DUSE_HAL_DRIVER -DSTM32L452xx -DDEBUG -c -I../Core/Inc -I../Drivers/STM32L4xx_HAL_Driver/Inc -I../Drivers/STM32L4xx_HAL_Driver/Inc/Legacy -I../Drivers/CMSIS/Device/ST/STM32L4xx/Include -I../Drivers/CMSIS/Include -O0 -ffunction-sections -fdata-sections -Wall -fstack-usage -MMD -MP -MF"Core/Src/main.d" -MT"Core/Src/main.o" --specs=nano.specs -mfpu=fpv4-sp-d16 -mfloat-abi=hard -mthumb -o "Core/Src/main.o"
../Core/Src/L506.c: In function 'GSM_Init':
../Core/Src/L506.c:54:39: warning: implicit declaration of function 'strlen' [-Wimplicit-function-declaration]
    HAL_UART_Transmit(&huart1, buffer, strlen((char*)buffer), 1000);
                                       ^~~~~~
../Core/Src/L506.c:54:39: warning: incompatible implicit declaration of built-in function 'strlen'
../Core/Src/L506.c:54:39: note: include '<string.h>' or provide a declaration of 'strlen'
../Core/Src/L506.c: In function 'fnParseOKPacket':
../Core/Src/L506.c:58:8: warning: implicit declaration of function 'memcmp' [-Wimplicit-function-declaration]
   if (!memcmp(arrRes, "\r\nOK", 4)) {
        ^~~~~~
../Core/Src/L506.c: In function 'fnCheckSendSVPacket':
../Core/Src/L506.c:122:8: warning: implicit declaration of function 'strstr' [-Wimplicit-function-declaration]
  ptr = strstr(arrRes, "CIPSEND:SUCCESS");
        ^~~~~~
../Core/Src/L506.c:122:8: warning: incompatible implicit declaration of built-in function 'strstr'
../Core/Src/L506.c:122:8: note: include '<string.h>' or provide a declaration of 'strstr'
../Core/Src/L506.c: In function 'fnParseReceiveSVPacket':
../Core/Src/L506.c:132:8: warning: incompatible implicit declaration of built-in function 'strstr'
  ptr = strstr(arrRes, "CIPRXGET:SUCCESS");
        ^~~~~~
../Core/Src/L506.c:132:8: note: include '<string.h>' or provide a declaration of 'strstr'
../Core/Src/L506.c: In function 'fnCheckPacket':
../Core/Src/L506.c:141:3: warning: implicit declaration of function 'memset' [-Wimplicit-function-declaration]
   memset(buffer, '\0', 256);
   ^~~~~~
../Core/Src/L506.c:141:3: warning: incompatible implicit declaration of built-in function 'memset'
../Core/Src/L506.c:141:3: note: include '<string.h>' or provide a declaration of 'memset'
../Core/Src/L506.c:146:23: warning: pointer targets in passing argument 1 of 'fnParse' differ in signedness [-Wpointer-sign]
      answer = fnParse(buffer);
                       ^~~~~~
../Core/Src/L506.c:146:23: note: expected 'char *' but argument is of type 'uint8_t * {aka unsigned char *}'
../Core/Src/L506.c:148:38: warning: incompatible implicit declaration of built-in function 'strlen'
   HAL_UART_Transmit(&huart1, buffer, strlen((char*)buffer), 1000);
                                      ^~~~~~
../Core/Src/L506.c:148:38: note: include '<string.h>' or provide a declaration of 'strlen'
../Core/Src/L506.c: In function 'GPRS_Ask':
../Core/Src/L506.c:154:3: warning: incompatible implicit declaration of built-in function 'memset'
   memset(buffer, '\0', 256);
   ^~~~~~
../Core/Src/L506.c:154:3: note: include '<string.h>' or provide a declaration of 'memset'
../Core/Src/L506.c:158:38: warning: incompatible implicit declaration of built-in function 'strlen'
   HAL_UART_Transmit(&huart1, buffer, strlen((char*)buffer), 1000);
                                      ^~~~~~
../Core/Src/L506.c:158:38: note: include '<string.h>' or provide a declaration of 'strlen'
../Core/Src/L506.c: In function 'fncSend_DataServer':
../Core/Src/L506.c:179:46: warning: incompatible implicit declaration of built-in function 'strlen'
       HAL_UART_Transmit(&huart1,serverText1, strlen((char*)serverText1), 1000);
                                              ^~~~~~
../Core/Src/L506.c:179:46: note: include '<string.h>' or provide a declaration of 'strlen'
../Core/Src/L506.c:182:46: warning: incompatible implicit declaration of built-in function 'strlen'
       HAL_UART_Transmit(&huart1,serverText2, strlen((char*)serverText2), 1000);
                                              ^~~~~~
../Core/Src/L506.c:182:46: note: include '<string.h>' or provide a declaration of 'strlen'
../Core/Src/L506.c: In function 'fncReceive_DataServer':
../Core/Src/L506.c:196:4: warning: implicit declaration of function 'memcpy' [-Wimplicit-function-declaration]
    memcpy(revRtc, buffer, sizeof(buffer));
    ^~~~~~
../Core/Src/L506.c:196:4: warning: incompatible implicit declaration of built-in function 'memcpy'
../Core/Src/L506.c:196:4: note: include '<string.h>' or provide a declaration of 'memcpy'
../Core/Src/L506.c:198:14: warning: incompatible implicit declaration of built-in function 'strlen'
    vr_test = strlen(arrRevProcess);
              ^~~~~~
../Core/Src/L506.c:198:14: note: include '<string.h>' or provide a declaration of 'strlen'
../Core/Src/main.c: In function 'main':
../Core/Src/main.c:236:14: warning: implicit declaration of function 'fncSend_DataServer' [-Wimplicit-function-declaration]
     result = fncSend_DataServer(CMD_SEND_DATA, arr, 24);
              ^~~~~~~~~~~~~~~~~~
../Core/Src/main.c:257:5: warning: implicit declaration of function 'fncReceive_DataServer' [-Wimplicit-function-declaration]
     fncReceive_DataServer(CMD_RECEIVE_DATA);
     ^~~~~~~~~~~~~~~~~~~~~
../Core/Src/main.c:271:18: warning: implicit declaration of function 'convertTimeSendSV'; did you mean 'convertTime'? [-Wimplicit-function-declaration]
      time_conv = convertTimeSendSV(arrRevProcess[vr_test-2]);
                  ^~~~~~~~~~~~~~~~~
                  convertTime
../Core/Src/main.c: At top level:
../Core/Src/main.c:566:13: error: static declaration of 'HAL_TIM_PeriodElapsedCallback' follows non-static declaration
 static void HAL_TIM_PeriodElapsedCallback(TIM_HandleTypeDef *htim)
             ^~~~~~~~~~~~~~~~~~~~~~~~~~~~~
In file included from ../Core/Inc/stm32l4xx_hal_conf.h:441:0,
                 from ../Drivers/STM32L4xx_HAL_Driver/Inc/stm32l4xx_hal.h:30,
                 from ../Core/Inc/main.h:31,
                 from ../Core/Src/main.c:21:
../Drivers/STM32L4xx_HAL_Driver/Inc/stm32l4xx_hal_tim.h:2264:6: note: previous declaration of 'HAL_TIM_PeriodElapsedCallback' was here
 void HAL_TIM_PeriodElapsedCallback(TIM_HandleTypeDef *htim);
      ^~~~~~~~~~~~~~~~~~~~~~~~~~~~~
../Core/Src/main.c:595:13: error: static declaration of 'HAL_UART_RxCpltCallback' follows non-static declaration
 static void HAL_UART_RxCpltCallback(UART_HandleTypeDef *huart)
             ^~~~~~~~~~~~~~~~~~~~~~~
In file included from ../Core/Inc/stm32l4xx_hal_conf.h:449:0,
                 from ../Drivers/STM32L4xx_HAL_Driver/Inc/stm32l4xx_hal.h:30,
                 from ../Core/Inc/main.h:31,
                 from ../Core/Src/main.c:21:
../Drivers/STM32L4xx_HAL_Driver/Inc/stm32l4xx_hal_uart.h:1637:6: note: previous declaration of 'HAL_UART_RxCpltCallback' was here
 void HAL_UART_RxCpltCallback(UART_HandleTypeDef *huart);
      ^~~~~~~~~~~~~~~~~~~~~~~
../Core/Src/main.c:595:13: warning: 'HAL_UART_RxCpltCallback' defined but not used [-Wunused-function]
 static void HAL_UART_RxCpltCallback(UART_HandleTypeDef *huart)
             ^~~~~~~~~~~~~~~~~~~~~~~
../Core/Src/main.c:566:13: warning: 'HAL_TIM_PeriodElapsedCallback' defined but not used [-Wunused-function]
 static void HAL_TIM_PeriodElapsedCallback(TIM_HandleTypeDef *htim)
             ^~~~~~~~~~~~~~~~~~~~~~~~~~~~~
make: *** [Core/Src/subdir.mk:44: Core/Src/main.o] Error 1
make: *** Waiting for unfinished jobs....
"make -j8 all" terminated with exit code 2. Build might be incomplete.
11:16:10 **** Incremental Build of configuration Debug for project CodeProject ****
make -j8 all 
arm-none-eabi-gcc "../Core/Src/main.c" -mcpu=cortex-m4 -std=gnu11 -g3 -DUSE_HAL_DRIVER -DSTM32L452xx -DDEBUG -c -I../Core/Inc -I../Drivers/STM32L4xx_HAL_Driver/Inc -I../Drivers/STM32L4xx_HAL_Driver/Inc/Legacy -I../Drivers/CMSIS/Device/ST/STM32L4xx/Include -I../Drivers/CMSIS/Include -O0 -ffunction-sections -fdata-sections -Wall -fstack-usage -MMD -MP -MF"Core/Src/main.d" -MT"Core/Src/main.o" --specs=nano.specs -mfpu=fpv4-sp-d16 -mfloat-abi=hard -mthumb -o "Core/Src/main.o"
../Core/Src/main.c: In function 'main':
../Core/Src/main.c:236:14: warning: implicit declaration of function 'fncSend_DataServer' [-Wimplicit-function-declaration]
     result = fncSend_DataServer(CMD_SEND_DATA, arr, 24);
              ^~~~~~~~~~~~~~~~~~
../Core/Src/main.c:257:5: warning: implicit declaration of function 'fncReceive_DataServer' [-Wimplicit-function-declaration]
     fncReceive_DataServer(CMD_RECEIVE_DATA);
     ^~~~~~~~~~~~~~~~~~~~~
../Core/Src/main.c:271:18: warning: implicit declaration of function 'convertTimeSendSV'; did you mean 'convertTime'? [-Wimplicit-function-declaration]
      time_conv = convertTimeSendSV(arrRevProcess[vr_test-2]);
                  ^~~~~~~~~~~~~~~~~
                  convertTime
arm-none-eabi-gcc -o "CodeProject.elf" @"objects.list"   -mcpu=cortex-m4 -T"D:\SaoViet\Wsp_1\CodeProject\STM32L452RCTX_FLASH.ld" --specs=nosys.specs -Wl,-Map="CodeProject.map" -Wl,--gc-sections -static --specs=nano.specs -mfpu=fpv4-sp-d16 -mfloat-abi=hard -mthumb -Wl,--start-group -lc -lm -Wl,--end-group
Finished building target: CodeProject.elf
 
arm-none-eabi-objdump -h -S  CodeProject.elf  > "CodeProject.list"
arm-none-eabi-objcopy  -O binary  CodeProject.elf  "CodeProject.bin"
arm-none-eabi-size   CodeProject.elf 
   text	   data	    bss	    dec	    hex	filename
  23560	    332	   2868	  26760	   6888	CodeProject.elf
Finished building: default.size.stdout
 
Finished building: CodeProject.bin
 
Finished building: CodeProject.list
 
11:16:25 **** Incremental Build of configuration Debug for project CodeProject ****
make -j8 all 
arm-none-eabi-gcc "../Core/Src/main.c" -mcpu=cortex-m4 -std=gnu11 -g3 -DUSE_HAL_DRIVER -DSTM32L452xx -DDEBUG -c -I../Core/Inc -I../Drivers/STM32L4xx_HAL_Driver/Inc -I../Drivers/STM32L4xx_HAL_Driver/Inc/Legacy -I../Drivers/CMSIS/Device/ST/STM32L4xx/Include -I../Drivers/CMSIS/Include -O0 -ffunction-sections -fdata-sections -Wall -fstack-usage -MMD -MP -MF"Core/Src/main.d" -MT"Core/Src/main.o" --specs=nano.specs -mfpu=fpv4-sp-d16 -mfloat-abi=hard -mthumb -o "Core/Src/main.o"
../Core/Src/main.c: In function 'main':
../Core/Src/main.c:235:14: warning: implicit declaration of function 'fncSend_DataServer' [-Wimplicit-function-declaration]
     result = fncSend_DataServer(CMD_SEND_DATA, arr, 24);
              ^~~~~~~~~~~~~~~~~~
../Core/Src/main.c:256:5: warning: implicit declaration of function 'fncReceive_DataServer' [-Wimplicit-function-declaration]
     fncReceive_DataServer(CMD_RECEIVE_DATA);
     ^~~~~~~~~~~~~~~~~~~~~
../Core/Src/main.c:270:18: warning: implicit declaration of function 'convertTimeSendSV'; did you mean 'convertTime'? [-Wimplicit-function-declaration]
      time_conv = convertTimeSendSV(arrRevProcess[vr_test-2]);
                  ^~~~~~~~~~~~~~~~~
                  convertTime
arm-none-eabi-gcc -o "CodeProject.elf" @"objects.list"   -mcpu=cortex-m4 -T"D:\SaoViet\Wsp_1\CodeProject\STM32L452RCTX_FLASH.ld" --specs=nosys.specs -Wl,-Map="CodeProject.map" -Wl,--gc-sections -static --specs=nano.specs -mfpu=fpv4-sp-d16 -mfloat-abi=hard -mthumb -Wl,--start-group -lc -lm -Wl,--end-group
Finished building target: CodeProject.elf
 
arm-none-eabi-objdump -h -S  CodeProject.elf  > "CodeProject.list"
arm-none-eabi-objcopy  -O binary  CodeProject.elf  "CodeProject.bin"
arm-none-eabi-size   CodeProject.elf 
   text	   data	    bss	    dec	    hex	filename
  23560	    332	   2868	  26760	   6888	CodeProject.elf
Finished building: default.size.stdout
 
Finished building: CodeProject.bin
 
Finished building: CodeProject.list
 
11:18:10 **** Incremental Build of configuration Debug for project CodeProject ****
make -j8 all 
arm-none-eabi-gcc "../Core/Src/main.c" -mcpu=cortex-m4 -std=gnu11 -g3 -DUSE_HAL_DRIVER -DSTM32L452xx -DDEBUG -c -I../Core/Inc -I../Drivers/STM32L4xx_HAL_Driver/Inc -I../Drivers/STM32L4xx_HAL_Driver/Inc/Legacy -I../Drivers/CMSIS/Device/ST/STM32L4xx/Include -I../Drivers/CMSIS/Include -O0 -ffunction-sections -fdata-sections -Wall -fstack-usage -MMD -MP -MF"Core/Src/main.d" -MT"Core/Src/main.o" --specs=nano.specs -mfpu=fpv4-sp-d16 -mfloat-abi=hard -mthumb -o "Core/Src/main.o"
../Core/Src/main.c: In function 'main':
../Core/Src/main.c:219:14: warning: implicit declaration of function 'fncSend_DataServer' [-Wimplicit-function-declaration]
     result = fncSend_DataServer(CMD_SEND_DATA, arr, 24);
              ^~~~~~~~~~~~~~~~~~
../Core/Src/main.c:232:5: warning: implicit declaration of function 'fncReceive_DataServer' [-Wimplicit-function-declaration]
     fncReceive_DataServer(CMD_RECEIVE_DATA);
     ^~~~~~~~~~~~~~~~~~~~~
../Core/Src/main.c:245:18: warning: implicit declaration of function 'convertTimeSendSV'; did you mean 'convertTime'? [-Wimplicit-function-declaration]
      time_conv = convertTimeSendSV(arrRevProcess[vr_test-2]);
                  ^~~~~~~~~~~~~~~~~
                  convertTime
arm-none-eabi-gcc -o "CodeProject.elf" @"objects.list"   -mcpu=cortex-m4 -T"D:\SaoViet\Wsp_1\CodeProject\STM32L452RCTX_FLASH.ld" --specs=nosys.specs -Wl,-Map="CodeProject.map" -Wl,--gc-sections -static --specs=nano.specs -mfpu=fpv4-sp-d16 -mfloat-abi=hard -mthumb -Wl,--start-group -lc -lm -Wl,--end-group
Finished building target: CodeProject.elf
 
arm-none-eabi-objdump -h -S  CodeProject.elf  > "CodeProject.list"
arm-none-eabi-objcopy  -O binary  CodeProject.elf  "CodeProject.bin"
arm-none-eabi-size   CodeProject.elf 
   text	   data	    bss	    dec	    hex	filename
  23560	    332	   2868	  26760	   6888	CodeProject.elf
Finished building: default.size.stdout
 
Finished building: CodeProject.bin
 
Finished building: CodeProject.list
 
11:19:00 **** Incremental Build of configuration Debug for project CodeProject ****
make -j8 all 
arm-none-eabi-gcc "../Core/Src/L506.c" -mcpu=cortex-m4 -std=gnu11 -g3 -DUSE_HAL_DRIVER -DSTM32L452xx -DDEBUG -c -I../Core/Inc -I../Drivers/STM32L4xx_HAL_Driver/Inc -I../Drivers/STM32L4xx_HAL_Driver/Inc/Legacy -I../Drivers/CMSIS/Device/ST/STM32L4xx/Include -I../Drivers/CMSIS/Include -O0 -ffunction-sections -fdata-sections -Wall -fstack-usage -MMD -MP -MF"Core/Src/L506.d" -MT"Core/Src/L506.o" --specs=nano.specs -mfpu=fpv4-sp-d16 -mfloat-abi=hard -mthumb -o "Core/Src/L506.o"
arm-none-eabi-gcc "../Core/Src/main.c" -mcpu=cortex-m4 -std=gnu11 -g3 -DUSE_HAL_DRIVER -DSTM32L452xx -DDEBUG -c -I../Core/Inc -I../Drivers/STM32L4xx_HAL_Driver/Inc -I../Drivers/STM32L4xx_HAL_Driver/Inc/Legacy -I../Drivers/CMSIS/Device/ST/STM32L4xx/Include -I../Drivers/CMSIS/Include -O0 -ffunction-sections -fdata-sections -Wall -fstack-usage -MMD -MP -MF"Core/Src/main.d" -MT"Core/Src/main.o" --specs=nano.specs -mfpu=fpv4-sp-d16 -mfloat-abi=hard -mthumb -o "Core/Src/main.o"
arm-none-eabi-gcc "../Core/Src/time.c" -mcpu=cortex-m4 -std=gnu11 -g3 -DUSE_HAL_DRIVER -DSTM32L452xx -DDEBUG -c -I../Core/Inc -I../Drivers/STM32L4xx_HAL_Driver/Inc -I../Drivers/STM32L4xx_HAL_Driver/Inc/Legacy -I../Drivers/CMSIS/Device/ST/STM32L4xx/Include -I../Drivers/CMSIS/Include -O0 -ffunction-sections -fdata-sections -Wall -fstack-usage -MMD -MP -MF"Core/Src/time.d" -MT"Core/Src/time.o" --specs=nano.specs -mfpu=fpv4-sp-d16 -mfloat-abi=hard -mthumb -o "Core/Src/time.o"
../Core/Src/time.c: In function 'processChar':
../Core/Src/L506.c: In function 'GSM_Init':
../Core/Src/time.c:41:9: warning: implicit declaration of function 'strchr' [-Wimplicit-function-declaration]
  ptr1 = strchr(strInput, chr);
         ^~~~~~
../Core/Src/time.c:41:9: warning: incompatible implicit declaration of built-in function 'strchr'
../Core/Src/time.c:41:9: note: include '<string.h>' or provide a declaration of 'strchr'
../Core/Src/time.c:46:2: warning: implicit declaration of function 'memcpy' [-Wimplicit-function-declaration]
  memcpy(strRes, ptr1+1, ptr2-ptr1-2);
  ^~~~~~
../Core/Src/time.c:46:2: warning: incompatible implicit declaration of built-in function 'memcpy'
../Core/Src/time.c:46:2: note: include '<string.h>' or provide a declaration of 'memcpy'
../Core/Src/L506.c:54:39: warning: implicit declaration of function 'strlen' [-Wimplicit-function-declaration]
    HAL_UART_Transmit(&huart1, buffer, strlen((char*)buffer), 1000);
                                       ^~~~~~
../Core/Src/L506.c:54:39: warning: incompatible implicit declaration of built-in function 'strlen'
../Core/Src/L506.c:54:39: note: include '<string.h>' or provide a declaration of 'strlen'
../Core/Src/L506.c: In function 'fnParseOKPacket':
../Core/Src/L506.c:58:8: warning: implicit declaration of function 'memcmp' [-Wimplicit-function-declaration]
   if (!memcmp(arrRes, "\r\nOK", 4)) {
        ^~~~~~
../Core/Src/L506.c: In function 'fnCheckSendSVPacket':
../Core/Src/L506.c:122:8: warning: implicit declaration of function 'strstr' [-Wimplicit-function-declaration]
  ptr = strstr(arrRes, "CIPSEND:SUCCESS");
        ^~~~~~
../Core/Src/L506.c:122:8: warning: incompatible implicit declaration of built-in function 'strstr'
../Core/Src/L506.c:122:8: note: include '<string.h>' or provide a declaration of 'strstr'
../Core/Src/L506.c: In function 'fnParseReceiveSVPacket':
../Core/Src/L506.c:132:8: warning: incompatible implicit declaration of built-in function 'strstr'
  ptr = strstr(arrRes, "CIPRXGET:SUCCESS");
        ^~~~~~
../Core/Src/L506.c:132:8: note: include '<string.h>' or provide a declaration of 'strstr'
../Core/Src/L506.c: In function 'fnCheckPacket':
../Core/Src/L506.c:141:3: warning: implicit declaration of function 'memset' [-Wimplicit-function-declaration]
   memset(buffer, '\0', 256);
   ^~~~~~
../Core/Src/L506.c:141:3: warning: incompatible implicit declaration of built-in function 'memset'
../Core/Src/L506.c:141:3: note: include '<string.h>' or provide a declaration of 'memset'
../Core/Src/L506.c:146:23: warning: pointer targets in passing argument 1 of 'fnParse' differ in signedness [-Wpointer-sign]
      answer = fnParse(buffer);
                       ^~~~~~
../Core/Src/L506.c:146:23: note: expected 'char *' but argument is of type 'uint8_t * {aka unsigned char *}'
../Core/Src/L506.c:148:38: warning: incompatible implicit declaration of built-in function 'strlen'
   HAL_UART_Transmit(&huart1, buffer, strlen((char*)buffer), 1000);
                                      ^~~~~~
../Core/Src/L506.c:148:38: note: include '<string.h>' or provide a declaration of 'strlen'
../Core/Src/L506.c: In function 'GPRS_Ask':
../Core/Src/L506.c:154:3: warning: incompatible implicit declaration of built-in function 'memset'
   memset(buffer, '\0', 256);
   ^~~~~~
../Core/Src/L506.c:154:3: note: include '<string.h>' or provide a declaration of 'memset'
../Core/Src/L506.c:158:38: warning: incompatible implicit declaration of built-in function 'strlen'
   HAL_UART_Transmit(&huart1, buffer, strlen((char*)buffer), 1000);
                                      ^~~~~~
../Core/Src/L506.c:158:38: note: include '<string.h>' or provide a declaration of 'strlen'
../Core/Src/L506.c: In function 'fncSend_DataServer':
../Core/Src/L506.c:179:46: warning: incompatible implicit declaration of built-in function 'strlen'
       HAL_UART_Transmit(&huart1,serverText1, strlen((char*)serverText1), 1000);
                                              ^~~~~~
../Core/Src/L506.c:179:46: note: include '<string.h>' or provide a declaration of 'strlen'
../Core/Src/L506.c:182:46: warning: incompatible implicit declaration of built-in function 'strlen'
       HAL_UART_Transmit(&huart1,serverText2, strlen((char*)serverText2), 1000);
                                              ^~~~~~
../Core/Src/L506.c:182:46: note: include '<string.h>' or provide a declaration of 'strlen'
../Core/Src/L506.c: In function 'fncReceive_DataServer':
../Core/Src/L506.c:196:4: warning: implicit declaration of function 'memcpy' [-Wimplicit-function-declaration]
    memcpy(revRtc, buffer, sizeof(buffer));
    ^~~~~~
../Core/Src/L506.c:196:4: warning: incompatible implicit declaration of built-in function 'memcpy'
../Core/Src/L506.c:196:4: note: include '<string.h>' or provide a declaration of 'memcpy'
../Core/Src/L506.c:198:14: warning: incompatible implicit declaration of built-in function 'strlen'
    vr_test = strlen(arrRevProcess);
              ^~~~~~
../Core/Src/L506.c:198:14: note: include '<string.h>' or provide a declaration of 'strlen'
../Core/Src/main.c: In function 'main':
../Core/Src/main.c:245:18: warning: implicit declaration of function 'convertTimeSendSV'; did you mean 'convertTime'? [-Wimplicit-function-declaration]
      time_conv = convertTimeSendSV(arrRevProcess[vr_test-2]);
                  ^~~~~~~~~~~~~~~~~
                  convertTime
arm-none-eabi-gcc -o "CodeProject.elf" @"objects.list"   -mcpu=cortex-m4 -T"D:\SaoViet\Wsp_1\CodeProject\STM32L452RCTX_FLASH.ld" --specs=nosys.specs -Wl,-Map="CodeProject.map" -Wl,--gc-sections -static --specs=nano.specs -mfpu=fpv4-sp-d16 -mfloat-abi=hard -mthumb -Wl,--start-group -lc -lm -Wl,--end-group
Finished building target: CodeProject.elf
 
arm-none-eabi-objdump -h -S  CodeProject.elf  > "CodeProject.list"
arm-none-eabi-objcopy  -O binary  CodeProject.elf  "CodeProject.bin"
arm-none-eabi-size   CodeProject.elf 
   text	   data	    bss	    dec	    hex	filename
  23560	    332	   2868	  26760	   6888	CodeProject.elf
Finished building: default.size.stdout
 
Finished building: CodeProject.bin
 
Finished building: CodeProject.list
 
11:20:38 **** Incremental Build of configuration Debug for project CodeProject ****
make -j8 all 
arm-none-eabi-size   CodeProject.elf 
   text	   data	    bss	    dec	    hex	filename
  23560	    332	   2868	  26760	   6888	CodeProject.elf
Finished building: default.size.stdout
 
11:25:19 **** Incremental Build of configuration Debug for project CodeProject ****
make -j8 all 
arm-none-eabi-size   CodeProject.elf 
   text	   data	    bss	    dec	    hex	filename
  23560	    332	   2868	  26760	   6888	CodeProject.elf
Finished building: default.size.stdout
 
11:34:38 **** Incremental Build of configuration Debug for project CodeProject ****
make -j8 all 
arm-none-eabi-size   CodeProject.elf 
   text	   data	    bss	    dec	    hex	filename
  23560	    332	   2868	  26760	   6888	CodeProject.elf
Finished building: default.size.stdout
 
11:37:26 **** Incremental Build of configuration Debug for project CodeProject ****
make -j8 all 
arm-none-eabi-size   CodeProject.elf 
   text	   data	    bss	    dec	    hex	filename
  23560	    332	   2868	  26760	   6888	CodeProject.elf
Finished building: default.size.stdout
 
